Copyright 1986-2022 Xilinx, Inc. All Rights Reserved. Copyright 2022-2024 Advanced Micro Devices, Inc. All Rights Reserved.
---------------------------------------------------------------------------------------------------------------------------------------------
| Tool Version : Vivado v.2024.2 (lin64) Build 5239630 Fri Nov 08 22:34:34 MST 2024
| Date         : Sat Apr  4 13:11:01 2026
| Host         : VirtMach running 64-bit Ubuntu 24.04.3 LTS
| Command      : report_control_sets -verbose -file TOP_control_sets_placed.rpt
| Design       : TOP
| Device       : xczu7ev
---------------------------------------------------------------------------------------------------------------------------------------------

Control Set Information

Table of Contents
-----------------
1. Summary
2. Histogram
3. Flip-Flop Distribution
4. Detailed Control Set Information

1. Summary
----------

+----------------------------------------------------------+-------+
|                          Status                          | Count |
+----------------------------------------------------------+-------+
| Total control sets                                       |    65 |
|    Minimum number of control sets                        |    65 |
|    Addition due to synthesis replication                 |     0 |
|    Addition due to physical synthesis replication        |     0 |
| Unused register locations in slices containing registers |    49 |
+----------------------------------------------------------+-------+
* Control sets can be merged at opt_design using control_set_merge or merge_equivalent_drivers
** Run report_qor_suggestions for automated merging and remapping suggestions


2. Histogram
------------

+--------------------+-------+
|       Fanout       | Count |
+--------------------+-------+
| Total control sets |    65 |
| >= 0 to < 4        |    14 |
| >= 4 to < 6        |     2 |
| >= 6 to < 8        |     0 |
| >= 8 to < 10       |     4 |
| >= 10 to < 12      |     0 |
| >= 12 to < 14      |     0 |
| >= 14 to < 16      |     0 |
| >= 16              |    45 |
+--------------------+-------+
* Control sets can be remapped at either synth_design or opt_design


3. Flip-Flop Distribution
-------------------------

+--------------+-----------------------+------------------------+-----------------+--------------+
| Clock Enable | Synchronous Set/Reset | Asynchronous Set/Reset | Total Registers | Total Slices |
+--------------+-----------------------+------------------------+-----------------+--------------+
| No           | No                    | No                     |               0 |            0 |
| No           | No                    | Yes                    |              61 |           16 |
| No           | Yes                   | No                     |               0 |            0 |
| Yes          | No                    | No                     |              99 |           30 |
| Yes          | No                    | Yes                    |            1687 |          341 |
| Yes          | Yes                   | No                     |              24 |           10 |
+--------------+-----------------------+------------------------+-----------------+--------------+


4. Detailed Control Set Information
-----------------------------------

+----------------+----------------------------------------------------+----------------------------------+------------------+----------------+--------------+
|  Clock Signal  |                    Enable Signal                   |         Set/Reset Signal         | Slice Load Count | Bel Load Count | Bels / Slice |
+----------------+----------------------------------------------------+----------------------------------+------------------+----------------+--------------+
|  clk_IBUF_BUFG | uart/uart_rx_reg[0]_i_1_n_0                        |                                  |                1 |              1 |         1.00 |
|  clk_IBUF_BUFG | uart/uart_rx_reg[1]_i_1_n_0                        |                                  |                1 |              1 |         1.00 |
|  clk_IBUF_BUFG | uart/uart_rx_reg[2]_i_1_n_0                        |                                  |                1 |              1 |         1.00 |
|  clk_IBUF_BUFG | uart/uart_rx_reg[3]_i_1_n_0                        |                                  |                1 |              1 |         1.00 |
|  clk_IBUF_BUFG | uart/uart_rx_reg[4]_i_1_n_0                        |                                  |                1 |              1 |         1.00 |
|  clk_IBUF_BUFG | uart/uart_rx_reg[5]_i_1_n_0                        |                                  |                1 |              1 |         1.00 |
|  clk_IBUF_BUFG | uart/uart_rx_reg[7]_i_1_n_0                        |                                  |                1 |              1 |         1.00 |
|  clk_IBUF_BUFG | spi/spi_mosi_i_1_n_0                               | rstn_IBUF_inst/O                 |                1 |              1 |         1.00 |
|  clk_IBUF_BUFG | uart/uart_rx_reg[6]_i_1_n_0                        |                                  |                1 |              1 |         1.00 |
|  clk_IBUF_BUFG | uart/FSM_sequential_rx_state[1]_i_1_n_0            | rstn_IBUF_inst/O                 |                1 |              2 |         2.00 |
|  clk_IBUF_BUFG | spi/FSM_onehot_spi_state[2]_i_1_n_0                | rstn_IBUF_inst/O                 |                1 |              3 |         3.00 |
|  clk_IBUF_BUFG | axi_master/lsu/E[0]                                | rstn_IBUF_inst/O                 |                1 |              3 |         3.00 |
|  clk_IBUF_BUFG | uart/rx_bit_idx[2]_i_1_n_0                         |                                  |                1 |              3 |         3.00 |
|  clk_IBUF_BUFG | axi_master/lsu/s_axi_awready_reg[0]                | rstn_IBUF_inst/O                 |                2 |              3 |         1.50 |
|  clk_IBUF_BUFG | spi/bit_count                                      | rstn_IBUF_inst/O                 |                1 |              4 |         4.00 |
|  clk_IBUF_BUFG | axi_master/lsu/FSM_onehot_PresentState[4]_i_1_n_0  | rstn_IBUF_inst/O                 |                1 |              5 |         5.00 |
|  clk_IBUF_BUFG | spi/shift_reg[7]_i_1_n_0                           |                                  |                2 |              8 |         4.00 |
|  clk_IBUF_BUFG | spi/spi_rx_reg[7]_i_1_n_0                          |                                  |                4 |              8 |         2.00 |
|  clk_IBUF_BUFG | axi_master/lsu/addr_reg_reg[28]_2[0]               |                                  |                3 |              8 |         2.67 |
|  clk_IBUF_BUFG | axi_master/lsu/addr_reg_reg[2]_1[0]                | rstn_IBUF_inst/O                 |                2 |              8 |         4.00 |
|  clk_IBUF_BUFG | axi_master/lsu/addr_reg_reg[28]_2[0]               | axi_master/lsu/addr_reg_reg[2]_3 |               10 |             24 |         2.40 |
|  clk_IBUF_BUFG | uart/uart_rx_count[31]_i_1_n_0                     |                                  |                4 |             32 |         8.00 |
|  clk_IBUF_BUFG | spi/baud_count                                     | rstn_IBUF_inst/O                 |                5 |             32 |         6.40 |
|  clk_IBUF_BUFG | axi_master/cpu/memwbmd/RegWriteW_reg_9[0]          | rstn_IBUF_inst/O                 |               23 |             32 |         1.39 |
|  clk_IBUF_BUFG | axi_master/cpu/memwbmd/RegWriteW_reg_8[0]          | rstn_IBUF_inst/O                 |               24 |             32 |         1.33 |
|  clk_IBUF_BUFG | axi_master/cpu/memwbmd/RegWriteW_reg_6[0]          | rstn_IBUF_inst/O                 |               22 |             32 |         1.45 |
|  clk_IBUF_BUFG | axi_master/cpu/memwbmd/RegWriteW_reg_7[0]          | rstn_IBUF_inst/O                 |               25 |             32 |         1.28 |
|  clk_IBUF_BUFG | axi_master/lsu/FSM_onehot_PresentState_reg[3]_0[0] |                                  |               19 |             32 |         1.68 |
|  clk_IBUF_BUFG | axi_master/lsu/addr_reg_reg[2]_0[0]                | rstn_IBUF_inst/O                 |               10 |             32 |         3.20 |
|  clk_IBUF_BUFG | axi_master/lsu/addr_reg_reg[28]_1[0]               | rstn_IBUF_inst/O                 |               18 |             32 |         1.78 |
|  clk_IBUF_BUFG | axi_master/lsu/s_axi_awready_reg_0[0]              | rstn_IBUF_inst/O                 |               16 |             32 |         2.00 |
|  clk_IBUF_BUFG | axi_master/cpu/memwbmd/RegWriteW_reg_19[0]         | rstn_IBUF_inst/O                 |               23 |             32 |         1.39 |
|  clk_IBUF_BUFG | axi_master/cpu/idexmd/ResultSrcE_reg[0]_0          | rstn_IBUF_inst/O                 |                5 |             32 |         6.40 |
|  clk_IBUF_BUFG | axi_master/cpu/memwbmd/RegWriteW_reg_10[0]         | rstn_IBUF_inst/O                 |               25 |             32 |         1.28 |
|  clk_IBUF_BUFG | axi_master/cpu/memwbmd/RegWriteW_reg_0[0]          | rstn_IBUF_inst/O                 |               26 |             32 |         1.23 |
|  clk_IBUF_BUFG | axi_master/cpu/memwbmd/RegWriteW_reg_1[0]          | rstn_IBUF_inst/O                 |               25 |             32 |         1.28 |
|  clk_IBUF_BUFG | axi_master/cpu/memwbmd/RegWriteW_reg_11[0]         | rstn_IBUF_inst/O                 |               22 |             32 |         1.45 |
|  clk_IBUF_BUFG | axi_master/cpu/memwbmd/RegWriteW_reg_12[0]         | rstn_IBUF_inst/O                 |               25 |             32 |         1.28 |
|  clk_IBUF_BUFG | axi_master/cpu/memwbmd/RegWriteW_reg_13[0]         | rstn_IBUF_inst/O                 |               25 |             32 |         1.28 |
|  clk_IBUF_BUFG | axi_master/cpu/memwbmd/RegWriteW_reg_14[0]         | rstn_IBUF_inst/O                 |               26 |             32 |         1.23 |
|  clk_IBUF_BUFG | axi_master/cpu/memwbmd/RegWriteW_reg_15[0]         | rstn_IBUF_inst/O                 |               26 |             32 |         1.23 |
|  clk_IBUF_BUFG | axi_master/cpu/memwbmd/RegWriteW_reg_16[0]         | rstn_IBUF_inst/O                 |               27 |             32 |         1.19 |
|  clk_IBUF_BUFG | axi_master/cpu/memwbmd/RegWriteW_reg_17[0]         | rstn_IBUF_inst/O                 |               29 |             32 |         1.10 |
|  clk_IBUF_BUFG | axi_master/cpu/memwbmd/RegWriteW_reg_18[0]         | rstn_IBUF_inst/O                 |               27 |             32 |         1.19 |
|  clk_IBUF_BUFG | axi_master/cpu/memwbmd/RegWriteW_reg_5[0]          | rstn_IBUF_inst/O                 |               26 |             32 |         1.23 |
|  clk_IBUF_BUFG | axi_master/cpu/memwbmd/RegWriteW_reg_2[0]          | rstn_IBUF_inst/O                 |               25 |             32 |         1.28 |
|  clk_IBUF_BUFG | axi_master/cpu/memwbmd/RegWriteW_reg_20[0]         | rstn_IBUF_inst/O                 |               26 |             32 |         1.23 |
|  clk_IBUF_BUFG | axi_master/cpu/memwbmd/RegWriteW_reg_4[0]          | rstn_IBUF_inst/O                 |               27 |             32 |         1.19 |
|  clk_IBUF_BUFG | axi_master/cpu/memwbmd/RegWriteW_reg_30[0]         | rstn_IBUF_inst/O                 |               27 |             32 |         1.19 |
|  clk_IBUF_BUFG | axi_master/cpu/memwbmd/RegWriteW_reg_3[0]          | rstn_IBUF_inst/O                 |               22 |             32 |         1.45 |
|  clk_IBUF_BUFG | axi_master/cpu/memwbmd/RegWriteW_reg_29[0]         | rstn_IBUF_inst/O                 |               19 |             32 |         1.68 |
|  clk_IBUF_BUFG | axi_master/cpu/memwbmd/RegWriteW_reg_28[0]         | rstn_IBUF_inst/O                 |               24 |             32 |         1.33 |
|  clk_IBUF_BUFG | axi_master/cpu/memwbmd/RegWriteW_reg_27[0]         | rstn_IBUF_inst/O                 |               27 |             32 |         1.19 |
|  clk_IBUF_BUFG | axi_master/cpu/memwbmd/RegWriteW_reg_26[0]         | rstn_IBUF_inst/O                 |               22 |             32 |         1.45 |
|  clk_IBUF_BUFG | axi_master/cpu/memwbmd/RegWriteW_reg_25[0]         | rstn_IBUF_inst/O                 |               24 |             32 |         1.33 |
|  clk_IBUF_BUFG | axi_master/cpu/memwbmd/RegWriteW_reg_24[0]         | rstn_IBUF_inst/O                 |               30 |             32 |         1.07 |
|  clk_IBUF_BUFG | axi_master/cpu/memwbmd/RegWriteW_reg_23[0]         | rstn_IBUF_inst/O                 |               28 |             32 |         1.14 |
|  clk_IBUF_BUFG | axi_master/cpu/memwbmd/RegWriteW_reg_22[0]         | rstn_IBUF_inst/O                 |               25 |             32 |         1.28 |
|  clk_IBUF_BUFG | axi_master/cpu/memwbmd/RegWriteW_reg_21[0]         | rstn_IBUF_inst/O                 |               22 |             32 |         1.45 |
|  clk_IBUF_BUFG | axi_master/lsu/addr_reg_reg[30]_1[0]               | rstn_IBUF_inst/O                 |               16 |             33 |         2.06 |
|  clk_IBUF_BUFG | axi_master/cpu/exmemmd/ResultSrcM_reg[0]_0[0]      | rstn_IBUF_inst/O                 |               14 |             54 |         3.86 |
|  clk_IBUF_BUFG |                                                    | rstn_IBUF_inst/O                 |               16 |             61 |         3.81 |
|  clk_IBUF_BUFG | axi_master/cpu/idexmd/pcE[31]_i_1_n_0              | rstn_IBUF_inst/O                 |               19 |             63 |         3.32 |
|  clk_IBUF_BUFG | axi_master/cpu/idexmd/RegWriteE_i_1_n_0            | rstn_IBUF_inst/O                 |               53 |            106 |         2.00 |
|  clk_IBUF_BUFG | axi_master/lsu/FSM_onehot_PresentState_reg[4]_0[0] | rstn_IBUF_inst/O                 |               95 |            250 |         2.63 |
+----------------+----------------------------------------------------+----------------------------------+------------------+----------------+--------------+


